// Jest Snapshot v1, https://goo.gl/fbAQLP

exports[`Utils/Legend/Discrete/Vertical Simple smoke-test 1`] = `
<div class="_container_19vag_1 _vertical_19vag_10"
     style="width: 200px;"
>
  <div class="_entry_1493o_1 _vertical_1493o_8">
    <div class="_symbol_f5unn_1"
         style="background: green;"
    >
    </div>
    <span class="_label_1493o_20">
      DLP
    </span>
  </div>
  <div class="_entry_1493o_1 _vertical_1493o_8">
    <div class="_symbol_f5unn_1"
         style="background: blue;"
    >
    </div>
    <span class="_label_1493o_20">
      SIEM
    </span>
  </div>
  <div class="_entry_1493o_1 _vertical_1493o_8">
    <div class="_symbol_f5unn_1"
         style="background: yellow;"
    >
    </div>
    <span class="_label_1493o_20">
      AWS
    </span>
  </div>
  <div class="_entry_1493o_1 _vertical_1493o_8">
    <div class="_symbol_f5unn_1"
         style="background: purple;"
    >
    </div>
    <span class="_label_1493o_20">
      AD
    </span>
  </div>
</div>
`;
