// Jest Snapshot v1, https://goo.gl/fbAQLP

exports[`Charts/Meter Basic smoke-test 1`] = `
<div class="_container_13giw_1"
     style="gap: 15px; width: 300px;"
>
  <div style="background: rgb(45, 96, 232); height: 32px;">
  </div>
  <div style="background: rgb(45, 96, 232); height: 32px;">
  </div>
  <div style="background: rgb(45, 96, 232); height: 32px;">
  </div>
  <div style="background: rgb(45, 96, 232); height: 32px;">
  </div>
  <div style="background: rgb(45, 96, 232); height: 32px;">
  </div>
  <div style="background: rgb(45, 96, 232); height: 32px;">
  </div>
  <div style="background: rgb(65, 66, 66); height: 32px;">
  </div>
  <div style="background: rgb(65, 66, 66); height: 32px;">
  </div>
  <div style="background: rgb(65, 66, 66); height: 32px;">
  </div>
  <div style="background: rgb(65, 66, 66); height: 32px;">
  </div>
  <div style="background: rgb(65, 66, 66); height: 32px;">
  </div>
</div>
`;

exports[`Charts/Meter MinMax smoke-test 1`] = `
<div class="_container_13giw_1"
     style="gap: 15px; width: 300px;"
>
  <div style="background: rgb(45, 96, 232); height: 32px;">
  </div>
  <div style="background: rgb(45, 96, 232); height: 32px;">
  </div>
  <div style="background: rgb(45, 96, 232); height: 32px;">
  </div>
  <div style="background: rgb(45, 96, 232); height: 32px;">
  </div>
  <div style="background: rgb(45, 96, 232); height: 32px;">
  </div>
  <div style="background: rgb(45, 96, 232); height: 32px;">
  </div>
  <div style="background: rgb(45, 96, 232); height: 32px;">
  </div>
  <div style="background: rgb(45, 96, 232); height: 32px;">
  </div>
  <div style="background: rgb(45, 96, 232); height: 32px;">
  </div>
  <div style="background: rgb(65, 66, 66); height: 32px;">
  </div>
  <div style="background: rgb(65, 66, 66); height: 32px;">
  </div>
</div>
`;
